d:\code\githubrep\transinterpreter\build\transinterpreter.dir\debug\vc145.pdb
d:\code\githubrep\transinterpreter\build\transinterpreter.dir\debug\interpreter.obj
d:\code\githubrep\transinterpreter\build\transinterpreter.dir\debug\ll1parser.obj
d:\code\githubrep\transinterpreter\build\transinterpreter.dir\debug\lexicalanalyzer.obj
d:\code\githubrep\transinterpreter\build\transinterpreter.dir\debug\filereader.obj
d:\code\githubrep\transinterpreter\build\transinterpreter.dir\debug\main.obj
d:\code\githubrep\transinterpreter\build\cmakefiles\generate.stamp
d:\code\githubrep\transinterpreter\build\debug\transinterpreter.exe
d:\code\githubrep\transinterpreter\build\debug\transinterpreter.pdb
d:\code\githubrep\transinterpreter\build\transinterpreter.dir\debug\transinterpreter.ilk
d:\code\githubrep\transinterpreter\build\transinterpreter.dir\debug\transinterpreter.tlog\cl.command.1.tlog
d:\code\githubrep\transinterpreter\build\transinterpreter.dir\debug\transinterpreter.tlog\cl.items.tlog
d:\code\githubrep\transinterpreter\build\transinterpreter.dir\debug\transinterpreter.tlog\cl.read.1.tlog
d:\code\githubrep\transinterpreter\build\transinterpreter.dir\debug\transinterpreter.tlog\cl.write.1.tlog
d:\code\githubrep\transinterpreter\build\transinterpreter.dir\debug\transinterpreter.tlog\custombuild.command.1.tlog
d:\code\githubrep\transinterpreter\build\transinterpreter.dir\debug\transinterpreter.tlog\custombuild.read.1.tlog
d:\code\githubrep\transinterpreter\build\transinterpreter.dir\debug\transinterpreter.tlog\custombuild.write.1.tlog
d:\code\githubrep\transinterpreter\build\transinterpreter.dir\debug\transinterpreter.tlog\link.command.1.tlog
d:\code\githubrep\transinterpreter\build\transinterpreter.dir\debug\transinterpreter.tlog\link.read.1.tlog
d:\code\githubrep\transinterpreter\build\transinterpreter.dir\debug\transinterpreter.tlog\link.secondary.1.tlog
d:\code\githubrep\transinterpreter\build\transinterpreter.dir\debug\transinterpreter.tlog\link.write.1.tlog
